// Jest Snapshot v1, https://goo.gl/fbAQLP

exports[`Link should render 🍪 1`] = `
<Styled(styled.a)
  href="infinity"
  rel="noopener noreferrer"
  target="_blank"
>
   
  <span>
    <FiExternalLink />
  </span>
</Styled(styled.a)>
`;
