// Jest Snapshot v1, https://goo.gl/fbAQLP

exports[`Pagination should render 1`] = `
<styled.nav>
  <ul
    className="pagination"
  >
    <li
      className="arrow"
      onClick={[Function]}
    >
      <a>
        Previous
      </a>
    </li>
    <div
      className="pagination-number"
    >
      <li>
        <a
          onClick={[Function]}
        >
          1
        </a>
        <span>
          –
        </span>
      </li>
      <li
        key="2"
      >
        2
        <span>
          –
        </span>
      </li>
      <li>
        <a
          onClick={[Function]}
        >
          3
        </a>
      </li>
      <div
        className="middle-group"
      />
      <li>
        …
      </li>
      <li>
        <a
          onClick={[Function]}
        >
          6
        </a>
      </li>
    </div>
    <li
      className="arrow"
      onClick={[Function]}
    >
      <a>
        Next
      </a>
    </li>
  </ul>
</styled.nav>
`;
