// Jest Snapshot v1, https://goo.gl/fbAQLP

exports[`Pdf should render 1`] = `ShallowWrapper {}`;
