// Jest Snapshot v1, https://goo.gl/fbAQLP

exports[`SEO should render 1`] = `null`;
