// Jest Snapshot v1, https://goo.gl/fbAQLP

exports[`SEO should render 1`] = `
<HelmetWrapper
  defer={true}
  encodeSpecialCharacters={true}
  htmlAttributes={
    Object {
      "lang": "en",
    }
  }
  meta={
    Array [
      Object {
        "content": "Amazing",
        "name": "description",
      },
      Object {
        "content": "Bob Kane",
        "name": "author",
      },
      Object {
        "content": "ðŸ˜€",
        "property": "og:title",
      },
      Object {
        "content": "Amazing",
        "property": "og:description",
      },
      Object {
        "content": "website",
        "property": "og:type",
      },
      Object {
        "content": "noindex, no follow",
        "name": "robots",
      },
    ]
  }
  title="ðŸ˜€"
  titleTemplate="%s | Detective Comics #27"
/>
`;
