// Jest Snapshot v1, https://goo.gl/fbAQLP

exports[`Sidebar should render 1`] = `
<mockConstructor
  render={[Function]}
/>
`;
